
> universe@1.0.0 build
> next build

ظû▓ Next.js 16.1.3 (Turbopack)
- Environments: .env.local
- Experiments (use with caution):
  ┬╖ serverActions

node.exe : ظأب The "middleware" file convention is deprecated. Please use "proxy" 
instead. Learn more: https://nextjs.org/docs/messages/middleware-to-proxy
At C:\nvm4w\nodejs\npm.ps1:29 char:3
+   & $NODE_EXE $NPM_CLI_JS $args
+   ~~~~~~~~~~~~~~~~~~~~~~~~~~~~~
    + CategoryInfo          : NotSpecified: (ظأب The "middle...leware-to-proxy:St 
   ring) [], RemoteException
    + FullyQualifiedErrorId : NativeCommandError
 
  Creating an optimized production build ...

> Build error occurred
Error: Turbopack build failed with 1 errors:
./src/app/globals.css
Error evaluating Node.js code
Error: It looks like you're trying to use `tailwindcss` directly as a PostCSS 
plugin. The PostCSS plugin has moved to a separate package, so to continue using 
Tailwind CSS with PostCSS you'll need to install `@tailwindcss/postcss` and 
update your PostCSS configuration.
    [at lt (D:\borj\sec. 
year\UniVerse\node_modules\tailwindcss\dist\lib.js:38:1643)]
    at turbopack:///[turbopack-node]/transforms/postcss.ts:56:14 [D:\borj\sec. 
year\UniVerse\.next\build\chunks\[root-of-the-server]__6d51cb5d._.js:165:20]
    [at <anonymous>]
    at Module.init (turbopack:///[turbopack-node]/transforms/postcss.ts:43:33) 
[D:\borj\sec. 
year\UniVerse\.next\build\chunks\[root-of-the-server]__6d51cb5d._.js:155:35]
    at run (turbopack:///[turbopack-node]/ipc/evaluate.ts:77:20) [D:\borj\sec. 
year\UniVerse\.next\build\chunks\[root-of-the-server]__44695d76._.js:429:26]

Import trace:
  Client Component Browser:
    ./src/app/globals.css [Client Component Browser]
    ./src/app/layout.tsx [Server Component]


    at Module.init (turbopack:///[turbopack-node]/transforms/postcss.ts:43:33) 
[D:\borj\sec. 
year\UniVerse\.next\build\chunks\[root-of-the-server]__6d51cb5d._.js:155:35])
    at run (turbopack:///[turbopack-node]/ipc/evaluate.ts:77:20) [D:\borj\sec. 
year\UniVerse\.next\build\chunks\[root-of-the-server]__44695d76._.js:429:26])
